
> osheq@0.1.0 build
> react-scripts build

Creating an optimized production build...
Browserslist: browsers data (caniuse-lite) is 16 months old. Please run:
  npx update-browserslist-db@latest
  Why you should do it regularly: https://github.com/browserslist/update-db#readme
Browserslist: browsers data (caniuse-lite) is 16 months old. Please run:
  npx update-browserslist-db@latest
  Why you should do it regularly: https://github.com/browserslist/update-db#readme
Compiled with warnings.

[eslint] 
src/components/About/AboutSection.js
  Line 3:44:  'FaUsers' is defined but never used          no-unused-vars
  Line 3:53:  'FaAward' is defined but never used          no-unused-vars
  Line 3:62:  'FaGlobeAmericas' is defined but never used  no-unused-vars

src/components/About/ApproachPage.js
  Line 2:49:  'FaArrowRight' is defined but never used  no-unused-vars

src/components/About/ConsultationPage.js
  Line 2:10:  'FaUser' is defined but never used         no-unused-vars
  Line 2:18:  'FaEnvelope' is defined but never used     no-unused-vars
  Line 2:30:  'FaBuilding' is defined but never used     no-unused-vars
  Line 2:42:  'FaPhone' is defined but never used        no-unused-vars
  Line 2:51:  'FaCommentDots' is defined but never used  no-unused-vars

src/components/CertificateVerification/CertificateVerification.js
  Line 4:35:  'FaBook' is defined but never used      no-unused-vars
  Line 4:43:  'FaCalendar' is defined but never used  no-unused-vars
  Line 4:55:  'FaBuilding' is defined but never used  no-unused-vars

Search for the keywords to learn more about each warning.
To ignore, add // eslint-disable-next-line to the line before.

File sizes after gzip:

  93.04 kB  build/static/js/main.9f4bb11a.js
  16.08 kB  build/static/css/main.5302eff6.css
  1.76 kB   build/static/js/453.3277017e.chunk.js

The project was built assuming it is hosted at /.
You can control this with the homepage field in your package.json.

The build folder is ready to be deployed.
You may serve it with a static server:

  npm install -g serve
  serve -s build

Find out more about deployment here:

  https://cra.link/deployment

